;
;
file/read-case results_4779-1-01500.cas.gz 
file/read-data results_4779-1-01500.dat.gz
;
;
; 
define/beta-feature-access yes OK 
;
; define/user-defined/interpreted-functions "myudf.c" "cpp" 10000 no
; define/user-defined/compiled-functions compile libudf yes y sdof_flap.c "" "" 
; define/user-defined/compiled-functions load "libudf/lnamd64/3d/libudf.so"
;
;
file/auto-save/case-frequency if-case-is-modified
file/auto-save/data-frequency 100
; file/auto-save/root-name results
;
; define/models/energy no
; define/models/viscous laminar ,
;
; define/boundary-conditions pressure-outlet outlet_2 , , -5 ,,,,,,,,,,,,,
;
;
; parallel/timer/usage
; parallel/partition/method metis 4
; parallel/auto/method/method metis
; parallel/partition/set/load-distribution (0.25 0.25 0.25 0.25)
parallel/load-balance/dynamic-mesh no no , 100
parallel/load-balance/mesh-adaption no
; parallel/partition/set/all-off
(rpsetvar 'parallel/enable-balance #f)
(rpsetvar 'parallel/niter-balance-auto 50)
(rpsetvar 'parallel/niter-balance 50)
(rpsetvar 'overset/partition/interval 100)
; (rpsetvar 'adapt/dynamic/interval 20)
;
;
;
;
  solve/set/limits 9E4 1.5E5 298 302 , , , , 
;
; solve/initialize/initialize-flow
; solve/initialize/hyb-initialization   
;
; solve/iterate 2000
solve/set/time-step 0.001
solve/dual-time-iterate 300 40 , , , , 
;
;
; display/particle-tracks/particle-tracks/particle-resid-time ,,,,
; report/dpm-sample "injection-0" ()     "table_upper" ()      , ,      yes 
; report/dpm-sample "injection-0" ()     "table_upper" ()      , ,      yes
; report/dpm-sample "injection-0" ()     "table_upper" ()      , ,      yes
;
; file hdf-files? yes
; file hdfio-options compression-level 4 ; (compression-level [0-9]? [0])
; file hdfio-options io-mode 3
; HDF5 I/O Modes:
;	  1. HOST
; 	2. NODE0
; 	3. PARALLEL INDEPENDENT
; 	4. PARALLEL COLLECTIVE
; Enter Mode Number: [1] 3
;
;
;
;
; file/confirm-overwrite
; file/write-case all_steady.cas.gz
; file/write-data results.dat.gz
;
;
exit yes
