;
;
file/read-case results_4779-1-01500.cas.gz 
file/read-data results_4779-1-01500.dat.gz
;
;
; 
define/beta-feature-access yes OK 
;
; define/user-defined/interpreted-functions "myudf.c" "cpp" 10000 no
; define/user-defined/compiled-functions compile libudf yes y sdof_flap.c "" "" 
; define/user-defined/compiled-functions load "libudf/lnamd64/3d/libudf.so"
;
;
file/auto-save/case-frequency if-case-is-modified
file/auto-save/data-frequency 100
; file/auto-save/root-name results
;
; define/models/energy no
; define/models/viscous laminar ,
;
; define/boundary-conditions pressure-outlet outlet_2 , , -5 ,,,,,,,,,,,,,
;
;
;
(rpsetvar 'parallel/enable-balance #f)
(rpsetvar 'parallel/niter-balance-auto 50)
(rpsetvar 'parallel/niter-balance 50)
(rpsetvar 'overset/partition/interval 100)
; (rpsetvar 'adapt/dynamic/interval 20)
;
; parallel/timer/usage
; parallel/partition/method metis 4
; parallel/partition/auto/method metis
; parallel/partition/set/load-distribution (0.25 0.25 0.25 0.25)
; parallel/load-balance/dynamic-mesh no no , 100
; parallel/load-balance/mesh-adaption no
; parallel/partition/set/all-off
;
;
;
; (rpsetvar 'temperature/secondary-gradient? #t)
;
(rpsetvar 'temperature/explicit-relax? #f)
(rpsetvar 'explicit-relaxation? #t)
(rpsetvar 'temperature/explicit-relax 0.3)
;
solve/set/under-relaxation pressure 0.2 mom 0.5 temperature 0.8  k 0.8  epsilon 0.8
;
;
;                                         continuity     Ux     Uy     Uz   energy      k    epsilon
solve/monitors/residual/convergence-criteria    1E-6   1E-6   1E-6   1E-6     1E-6   1E-6       1E-6
;
;                minP   maxP    minT    maxT    minK    minEpsilon  maxVT/V
solve/set/limits 1E4    1E6     250     600     1E-12   1E-16       10000
;
; solve/initialize/initialize-flow
; solve/initialize/hyb-initialization   
;
; solve/iterate 2000
solve/set/time-step 0.001
solve/dual-time-iterate 300 40 , , , , 
;
;
; display/particle-tracks/particle-tracks/particle-resid-time ,,,,
; report/dpm-sample "injection-0" ()     "table_upper" ()      , ,      yes 
; report/dpm-sample "injection-0" ()     "table_upper" ()      , ,      yes
; report/dpm-sample "injection-0" ()     "table_upper" ()      , ,      yes
;
; file hdf-files? yes
; file hdfio-options compression-level 4 ; (compression-level [0-9]? [0])
; file hdfio-options io-mode 3
;   HDF5 I/O Modes:
;     1. HOST
;     2. NODE0
;     3. PARALLEL INDEPENDENT
;     4. PARALLEL COLLECTIVE
;   Enter Mode Number: [1] 3
;
;
;
;
; file/confirm-overwrite
; file/write-case all_steady.cas.gz ok
; file/write-data results.dat.gz ok
;
;
exit yes
